// Jest Snapshot v1, https://goo.gl/fbAQLP

exports[`change select component after render cancel select 1`] = `
<React.Fragment>
  <component
    onSelectFn={[Function]}
  />
  <component
    onSelectFn={[Function]}
  />
</React.Fragment>
`;
